// Jest Snapshot v1, https://goo.gl/fbAQLP

exports[`SvgIcon atom renders correctly 1`] = `
<svg
  fill="currentColor"
  height="1em"
  version="1.1"
  viewBox="0 0 100 100"
  width="1em"
  xmlns="http://www.w3.org/2000/svg"
>
  <path />
</svg>
`;
